// Jest Snapshot v1, https://goo.gl/fbAQLP

exports[`<ProductListing /> renders without crashing 1`] = `ShallowWrapper {}`;
